// Jest Snapshot v1, https://goo.gl/fbAQLP

exports[`Timer renders correctly 1`] = `
<div
  className="timer-container"
>
  <div
    className="timer-display"
  >
    0:00:00
  </div>
  <button
    onClick={[Function]}
  >
    <div
      className="timer-button-content"
    >
      <img
        alt="Start"
        className="play-icon"
        src="play-icon-light.svg"
      />
      <div>
        0:00:00
      </div>
    </div>
  </button>
</div>
`;

exports[`TimerDisplay renders correctly 1`] = `
<div
  className="timer-display"
>
  0:00:00
</div>
`;
